root@ip-172-31-43-8:~# apt-get update -y
Hit:1 http://us-east-2.ec2.archive.ubuntu.com/ubuntu xenial InRelease
Hit:2 http://us-east-2.ec2.archive.ubuntu.com/ubuntu xenial-updates InRelease
Hit:3 http://us-east-2.ec2.archive.ubuntu.com/ubuntu xenial-backports InRelease
Hit:4 http://security.ubuntu.com/ubuntu xenial-security InRelease              
Reading package lists... Done                                                  
root@ip-172-31-43-8:~# add-apt-repository ppa:webupd8team/java
 Oracle Java (JDK) Installer (automatically downloads and installs Oracle JDK8). There are no actual Java files in this PPA.

Important -> Why Oracle Java 7 And 6 Installers No Longer Work: http://www.webupd8.org/2017/06/why-oracle-java-7-and-6-installers-no.html

Update: Oracle Java 9 has reached end of life: http://www.oracle.com/technetwork/java/javase/downloads/jdk9-downloads-3848520.html

The PPA supports Ubuntu 18.04, 17.10, 16.04, 14.04 and 12.04.

More info (and Ubuntu installation instructions):
- for Oracle Java 8: http://www.webupd8.org/2012/09/install-oracle-java-8-in-ubuntu-via-ppa.html

Debian installation instructions:
- Oracle Java 8: http://www.webupd8.org/2014/03/how-to-install-oracle-java-8-in-debian.html

For Oracle Java 10, see a different PPA: https://www.linuxuprising.com/2018/04/install-oracle-java-10-in-ubuntu-or.html
 More info: https://launchpad.net/~webupd8team/+archive/ubuntu/java
Press [ENTER] to continue or ctrl-c to cancel adding it

gpg: keyring `/tmp/tmpn443ic2r/secring.gpg' created
gpg: keyring `/tmp/tmpn443ic2r/pubring.gpg' created
gpg: requesting key EEA14886 from hkp server keyserver.ubuntu.com
gpg: /tmp/tmpn443ic2r/trustdb.gpg: trustdb created
gpg: key EEA14886: public key "Launchpad VLC" imported
gpg: no ultimately trusted keys found
gpg: Total number processed: 1
gpg:               imported: 1  (RSA: 1)
OK
root@ip-172-31-43-8:~# apt-get update
Hit:1 http://us-east-2.ec2.archive.ubuntu.com/ubuntu xenial InRelease
Hit:2 http://us-east-2.ec2.archive.ubuntu.com/ubuntu xenial-updates InRelease                         
Hit:3 http://us-east-2.ec2.archive.ubuntu.com/ubuntu xenial-backports InRelease                                                                       
Hit:4 http://security.ubuntu.com/ubuntu xenial-security InRelease                                                                                     
Get:5 http://ppa.launchpad.net/webupd8team/java/ubuntu xenial InRelease [17.5 kB]                                               
Get:6 http://ppa.launchpad.net/webupd8team/java/ubuntu xenial/main amd64 Packages [1,556 B]
Get:7 http://ppa.launchpad.net/webupd8team/java/ubuntu xenial/main Translation-en [928 B]
Fetched 20.0 kB in 0s (28.4 kB/s)                   
Reading package lists... Done
root@ip-172-31-43-8:~# apt-get install oracle-java8-installer
Reading package lists... Done
Building dependency tree       
Reading state information... Done
The following additional packages will be installed:
  binutils gsfonts gsfonts-x11 java-common libfontenc1 libxfont1 oracle-java8-set-default x11-common xfonts-encodings xfonts-utils
Suggested packages:
  binutils-doc binfmt-support visualvm ttf-baekmuk | ttf-unfonts | ttf-unfonts-core ttf-kochi-gothic | ttf-sazanami-gothic ttf-kochi-mincho
  | ttf-sazanami-mincho ttf-arphic-uming firefox | firefox-2 | iceweasel | mozilla-firefox | iceape-browser | mozilla-browser | epiphany-gecko
  | epiphany-webkit | epiphany-browser | galeon | midbrowser | moblin-web-browser | xulrunner | xulrunner-1.9 | konqueror | chromium-browser | midori
  | google-chrome
The following NEW packages will be installed:
  binutils gsfonts gsfonts-x11 java-common libfontenc1 libxfont1 oracle-java8-installer oracle-java8-set-default x11-common xfonts-encodings
  xfonts-utils
0 upgraded, 11 newly installed, 0 to remove and 3 not upgraded.
Need to get 6,520 kB of archives.
After this operation, 20.5 MB of additional disk space will be used.
Do you want to continue? [Y/n] y
Get:1 http://us-east-2.ec2.archive.ubuntu.com/ubuntu xenial-updates/main amd64 binutils amd64 2.26.1-1ubuntu1~16.04.6 [2,311 kB]
Get:2 http://us-east-2.ec2.archive.ubuntu.com/ubuntu xenial/main amd64 java-common all 0.56ubuntu2 [7,742 B]
Get:3 http://us-east-2.ec2.archive.ubuntu.com/ubuntu xenial/main amd64 gsfonts all 1:8.11+urwcyr1.0.7~pre44-4.2ubuntu1 [3,374 kB]
Get:4 http://us-east-2.ec2.archive.ubuntu.com/ubuntu xenial/main amd64 libfontenc1 amd64 1:1.1.3-1 [13.9 kB]
Get:5 http://us-east-2.ec2.archive.ubuntu.com/ubuntu xenial-updates/main amd64 libxfont1 amd64 1:1.5.1-1ubuntu0.16.04.4 [95.0 kB]
Get:6 http://us-east-2.ec2.archive.ubuntu.com/ubuntu xenial-updates/main amd64 x11-common all 1:7.7+13ubuntu3.1 [22.9 kB]
Get:7 http://us-east-2.ec2.archive.ubuntu.com/ubuntu xenial/main amd64 xfonts-encodings all 1:1.0.4-2 [573 kB]
Get:8 http://us-east-2.ec2.archive.ubuntu.com/ubuntu xenial-updates/main amd64 xfonts-utils amd64 1:7.7+3ubuntu0.16.04.2 [74.6 kB]
Get:9 http://us-east-2.ec2.archive.ubuntu.com/ubuntu xenial/universe amd64 gsfonts-x11 all 0.24 [7,314 B]
Get:10 http://ppa.launchpad.net/webupd8team/java/ubuntu xenial/main amd64 oracle-java8-installer all 8u181-1~webupd8~1 [32.9 kB]
Get:11 http://ppa.launchpad.net/webupd8team/java/ubuntu xenial/main amd64 oracle-java8-set-default all 8u181-1~webupd8~1 [6,924 B]
Fetched 6,520 kB in 0s (14.0 MB/s)                  
Preconfiguring packages ...
Selecting previously unselected package binutils.
(Reading database ... 76410 files and directories currently installed.)
Preparing to unpack .../binutils_2.26.1-1ubuntu1~16.04.6_amd64.deb ...
Unpacking binutils (2.26.1-1ubuntu1~16.04.6) ...
Selecting previously unselected package java-common.
Preparing to unpack .../java-common_0.56ubuntu2_all.deb ...
Unpacking java-common (0.56ubuntu2) ...
Processing triggers for libc-bin (2.23-0ubuntu10) ...
Processing triggers for man-db (2.7.5-1) ...
Setting up binutils (2.26.1-1ubuntu1~16.04.6) ...
Processing triggers for libc-bin (2.23-0ubuntu10) ...
Selecting previously unselected package oracle-java8-installer.
(Reading database ... 76626 files and directories currently installed.)
Preparing to unpack .../oracle-java8-installer_8u181-1~webupd8~1_all.deb ...
Unpacking oracle-java8-installer (8u181-1~webupd8~1) ...
Processing triggers for mime-support (3.59ubuntu1) ...
Processing triggers for shared-mime-info (1.5-2ubuntu0.2) ...
Setting up java-common (0.56ubuntu2) ...
Setting up oracle-java8-installer (8u181-1~webupd8~1) ...
No /var/cache/oracle-jdk8-installer/wgetrc file found.
Creating /var/cache/oracle-jdk8-installer/wgetrc and
using default oracle-java8-installer wgetrc settings for it.
Downloading Oracle Java 8...
--2018-09-08 04:35:00--  http://download.oracle.com/otn-pub/java/jdk/8u181-b13/96a7b8442fe848ef90c96a2fad6ed6d1/jdk-8u181-linux-x64.tar.gz
Resolving download.oracle.com (download.oracle.com)... 23.41.185.117
Connecting to download.oracle.com (download.oracle.com)|23.41.185.117|:80... connected.
HTTP request sent, awaiting response... 302 Moved Temporarily
Location: https://edelivery.oracle.com/otn-pub/java/jdk/8u181-b13/96a7b8442fe848ef90c96a2fad6ed6d1/jdk-8u181-linux-x64.tar.gz [following]
--2018-09-08 04:35:00--  https://edelivery.oracle.com/otn-pub/java/jdk/8u181-b13/96a7b8442fe848ef90c96a2fad6ed6d1/jdk-8u181-linux-x64.tar.gz
Resolving edelivery.oracle.com (edelivery.oracle.com)... 23.72.67.4, 2001:428:1802:59a::2d3e, 2001:428:1802:5a1::2d3e
Connecting to edelivery.oracle.com (edelivery.oracle.com)|23.72.67.4|:443... connected.
HTTP request sent, awaiting response... 302 Moved Temporarily
Location: http://download.oracle.com/otn-pub/java/jdk/8u181-b13/96a7b8442fe848ef90c96a2fad6ed6d1/jdk-8u181-linux-x64.tar.gz?AuthParam=1536381420_09892de76643573da3580faa3a9d351d [following]
--2018-09-08 04:35:01--  http://download.oracle.com/otn-pub/java/jdk/8u181-b13/96a7b8442fe848ef90c96a2fad6ed6d1/jdk-8u181-linux-x64.tar.gz?AuthParam=1536381420_09892de76643573da3580faa3a9d351d
Connecting to download.oracle.com (download.oracle.com)|23.41.185.117|:80... connected.
HTTP request sent, awaiting response... 200 OK
Length: 185646832 (177M) [application/x-gzip]
Saving to: ‘jdk-8u181-linux-x64.tar.gz’

     0K ........ ........ ........ ........ ........ ........  1% 24.3M 7s
  3072K ........ ........ ........ ........ ........ ........  3% 19.3M 8s
  6144K ........ ........ ........ ........ ........ ........  5% 23.1M 8s
  9216K ........ ........ ........ ........ ........ ........  6% 22.5M 7s
 12288K ........ ........ ........ ........ ........ ........  8% 15.8M 8s
 15360K ........ ........ ........ ........ ........ ........ 10% 24.4M 8s
 18432K ........ ........ ........ ........ ........ ........ 11% 22.3M 7s
 21504K ........ ........ ........ ........ ........ ........ 13% 17.0M 7s
 24576K ........ ........ ........ ........ ........ ........ 15% 26.0M 7s
 27648K ........ ........ ........ ........ ........ ........ 16% 20.2M 7s
 30720K ........ ........ ........ ........ ........ ........ 18% 21.9M 7s
 33792K ........ ........ ........ ........ ........ ........ 20% 41.6M 6s
 36864K ........ ........ ........ ........ ........ ........ 22% 19.6M 6s
 39936K ........ ........ ........ ........ ........ ........ 23% 18.1M 6s
 43008K ........ ........ ........ ........ ........ ........ 25% 21.6M 6s
 46080K ........ ........ ........ ........ ........ ........ 27% 22.9M 6s
 49152K ........ ........ ........ ........ ........ ........ 28% 38.2M 6s
 52224K ........ ........ ........ ........ ........ ........ 30% 17.2M 6s
 55296K ........ ........ ........ ........ ........ ........ 32% 20.3M 6s
 58368K ........ ........ ........ ........ ........ ........ 33% 18.8M 5s
 61440K ........ ........ ........ ........ ........ ........ 35% 17.7M 5s
 64512K ........ ........ ........ ........ ........ ........ 37% 27.6M 5s
 67584K ........ ........ ........ ........ ........ ........ 38% 26.3M 5s
 70656K ........ ........ ........ ........ ........ ........ 40% 15.9M 5s
 73728K ........ ........ ........ ........ ........ ........ 42% 25.8M 5s
 76800K ........ ........ ........ ........ ........ ........ 44% 22.8M 5s
 79872K ........ ........ ........ ........ ........ ........ 45% 22.0M 4s
 82944K ........ ........ ........ ........ ........ ........ 47% 24.2M 4s
 86016K ........ ........ ........ ........ ........ ........ 49% 31.5M 4s
 89088K ........ ........ ........ ........ ........ ........ 50% 33.9M 4s
 92160K ........ ........ ........ ........ ........ ........ 52% 21.3M 4s
 95232K ........ ........ ........ ........ ........ ........ 54% 18.3M 4s
 98304K ........ ........ ........ ........ ........ ........ 55% 17.9M 4s
101376K ........ ........ ........ ........ ........ ........ 57% 28.6M 3s
104448K ........ ........ ........ ........ ........ ........ 59% 21.6M 3s
107520K ........ ........ ........ ........ ........ ........ 61% 25.0M 3s
110592K ........ ........ ........ ........ ........ ........ 62% 16.1M 3s
113664K ........ ........ ........ ........ ........ ........ 64% 27.0M 3s
116736K ........ ........ ........ ........ ........ ........ 66% 18.6M 3s
119808K ........ ........ ........ ........ ........ ........ 67% 16.8M 3s
122880K ........ ........ ........ ........ ........ ........ 69% 34.4M 2s
125952K ........ ........ ........ ........ ........ ........ 71% 21.9M 2s
129024K ........ ........ ........ ........ ........ ........ 72% 19.3M 2s
132096K ........ ........ ........ ........ ........ ........ 74% 27.9M 2s
135168K ........ ........ ........ ........ ........ ........ 76% 29.4M 2s
138240K ........ ........ ........ ........ ........ ........ 77% 18.2M 2s
141312K ........ ........ ........ ........ ........ ........ 79% 19.9M 2s
144384K ........ ........ ........ ........ ........ ........ 81% 27.1M 2s
147456K ........ ........ ........ ........ ........ ........ 83% 20.5M 1s
150528K ........ ........ ........ ........ ........ ........ 84% 17.2M 1s
153600K ........ ........ ........ ........ ........ ........ 86% 22.5M 1s
156672K ........ ........ ........ ........ ........ ........ 88% 31.7M 1s
159744K ........ ........ ........ ........ ........ ........ 89% 23.5M 1s
162816K ........ ........ ........ ........ ........ ........ 91% 26.3M 1s
165888K ........ ........ ........ ........ ........ ........ 93% 16.9M 1s
168960K ........ ........ ........ ........ ........ ........ 94% 17.2M 0s
172032K ........ ........ ........ ........ ........ ........ 96% 20.4M 0s
175104K ........ ........ ........ ........ ........ ........ 98% 20.6M 0s
178176K ........ ........ ........ ........ ........ ........ 99% 19.8M 0s
181248K                                                      100% 3.63M=8.2s

2018-09-08 04:35:09 (21.7 MB/s) - ‘jdk-8u181-linux-x64.tar.gz’ saved [185646832/185646832]

Download done.
Removing outdated cached downloads...
update-alternatives: error: no alternatives for java
update-alternatives: using /usr/lib/jvm/java-8-oracle/jre/bin/ControlPanel to provide /usr/bin/ControlPanel (ControlPanel) in auto mode
update-alternatives: using /usr/lib/jvm/java-8-oracle/jre/bin/java to provide /usr/bin/java (java) in auto mode
update-alternatives: using /usr/lib/jvm/java-8-oracle/jre/bin/javaws to provide /usr/bin/javaws (javaws) in auto mode
update-alternatives: using /usr/lib/jvm/java-8-oracle/jre/bin/jcontrol to provide /usr/bin/jcontrol (jcontrol) in auto mode
update-alternatives: using /usr/lib/jvm/java-8-oracle/jre/bin/jjs to provide /usr/bin/jjs (jjs) in auto mode
update-alternatives: using /usr/lib/jvm/java-8-oracle/jre/bin/keytool to provide /usr/bin/keytool (keytool) in auto mode
update-alternatives: using /usr/lib/jvm/java-8-oracle/jre/bin/orbd to provide /usr/bin/orbd (orbd) in auto mode
update-alternatives: using /usr/lib/jvm/java-8-oracle/jre/bin/pack200 to provide /usr/bin/pack200 (pack200) in auto mode
update-alternatives: using /usr/lib/jvm/java-8-oracle/jre/bin/policytool to provide /usr/bin/policytool (policytool) in auto mode
update-alternatives: using /usr/lib/jvm/java-8-oracle/jre/bin/rmid to provide /usr/bin/rmid (rmid) in auto mode
update-alternatives: using /usr/lib/jvm/java-8-oracle/jre/bin/rmiregistry to provide /usr/bin/rmiregistry (rmiregistry) in auto mode
update-alternatives: using /usr/lib/jvm/java-8-oracle/jre/bin/servertool to provide /usr/bin/servertool (servertool) in auto mode
update-alternatives: using /usr/lib/jvm/java-8-oracle/jre/bin/tnameserv to provide /usr/bin/tnameserv (tnameserv) in auto mode
update-alternatives: using /usr/lib/jvm/java-8-oracle/jre/bin/unpack200 to provide /usr/bin/unpack200 (unpack200) in auto mode
update-alternatives: using /usr/lib/jvm/java-8-oracle/jre/lib/jexec to provide /usr/bin/jexec (jexec) in auto mode
update-alternatives: using /usr/lib/jvm/java-8-oracle/bin/appletviewer to provide /usr/bin/appletviewer (appletviewer) in auto mode
update-alternatives: using /usr/lib/jvm/java-8-oracle/bin/extcheck to provide /usr/bin/extcheck (extcheck) in auto mode
update-alternatives: using /usr/lib/jvm/java-8-oracle/bin/idlj to provide /usr/bin/idlj (idlj) in auto mode
update-alternatives: using /usr/lib/jvm/java-8-oracle/bin/jar to provide /usr/bin/jar (jar) in auto mode
update-alternatives: using /usr/lib/jvm/java-8-oracle/bin/jarsigner to provide /usr/bin/jarsigner (jarsigner) in auto mode
update-alternatives: using /usr/lib/jvm/java-8-oracle/bin/javac to provide /usr/bin/javac (javac) in auto mode
update-alternatives: using /usr/lib/jvm/java-8-oracle/bin/javadoc to provide /usr/bin/javadoc (javadoc) in auto mode
update-alternatives: using /usr/lib/jvm/java-8-oracle/bin/javafxpackager to provide /usr/bin/javafxpackager (javafxpackager) in auto mode
update-alternatives: using /usr/lib/jvm/java-8-oracle/bin/javah to provide /usr/bin/javah (javah) in auto mode
update-alternatives: using /usr/lib/jvm/java-8-oracle/bin/javap to provide /usr/bin/javap (javap) in auto mode
update-alternatives: using /usr/lib/jvm/java-8-oracle/bin/javapackager to provide /usr/bin/javapackager (javapackager) in auto mode
update-alternatives: using /usr/lib/jvm/java-8-oracle/bin/jcmd to provide /usr/bin/jcmd (jcmd) in auto mode
update-alternatives: using /usr/lib/jvm/java-8-oracle/bin/jconsole to provide /usr/bin/jconsole (jconsole) in auto mode
update-alternatives: using /usr/lib/jvm/java-8-oracle/bin/jdb to provide /usr/bin/jdb (jdb) in auto mode
update-alternatives: using /usr/lib/jvm/java-8-oracle/bin/jdeps to provide /usr/bin/jdeps (jdeps) in auto mode
update-alternatives: using /usr/lib/jvm/java-8-oracle/bin/jhat to provide /usr/bin/jhat (jhat) in auto mode
update-alternatives: using /usr/lib/jvm/java-8-oracle/bin/jinfo to provide /usr/bin/jinfo (jinfo) in auto mode
update-alternatives: using /usr/lib/jvm/java-8-oracle/bin/jmap to provide /usr/bin/jmap (jmap) in auto mode
update-alternatives: using /usr/lib/jvm/java-8-oracle/bin/jmc to provide /usr/bin/jmc (jmc) in auto mode
update-alternatives: using /usr/lib/jvm/java-8-oracle/bin/jps to provide /usr/bin/jps (jps) in auto mode
update-alternatives: using /usr/lib/jvm/java-8-oracle/bin/jrunscript to provide /usr/bin/jrunscript (jrunscript) in auto mode
update-alternatives: using /usr/lib/jvm/java-8-oracle/bin/jsadebugd to provide /usr/bin/jsadebugd (jsadebugd) in auto mode
update-alternatives: using /usr/lib/jvm/java-8-oracle/bin/jstack to provide /usr/bin/jstack (jstack) in auto mode
update-alternatives: using /usr/lib/jvm/java-8-oracle/bin/jstat to provide /usr/bin/jstat (jstat) in auto mode
update-alternatives: using /usr/lib/jvm/java-8-oracle/bin/jstatd to provide /usr/bin/jstatd (jstatd) in auto mode
update-alternatives: using /usr/lib/jvm/java-8-oracle/bin/jvisualvm to provide /usr/bin/jvisualvm (jvisualvm) in auto mode
update-alternatives: using /usr/lib/jvm/java-8-oracle/bin/native2ascii to provide /usr/bin/native2ascii (native2ascii) in auto mode
update-alternatives: using /usr/lib/jvm/java-8-oracle/bin/rmic to provide /usr/bin/rmic (rmic) in auto mode
update-alternatives: using /usr/lib/jvm/java-8-oracle/bin/schemagen to provide /usr/bin/schemagen (schemagen) in auto mode
update-alternatives: using /usr/lib/jvm/java-8-oracle/bin/serialver to provide /usr/bin/serialver (serialver) in auto mode
update-alternatives: using /usr/lib/jvm/java-8-oracle/bin/wsgen to provide /usr/bin/wsgen (wsgen) in auto mode
update-alternatives: using /usr/lib/jvm/java-8-oracle/bin/wsimport to provide /usr/bin/wsimport (wsimport) in auto mode
update-alternatives: using /usr/lib/jvm/java-8-oracle/bin/xjc to provide /usr/bin/xjc (xjc) in auto mode
update-alternatives: using /usr/lib/jvm/java-8-oracle/jre/lib/amd64/libnpjp2.so to provide /usr/lib/mozilla/plugins/libjavaplugin.so (mozilla-javaplugin.so) in auto mode
Oracle JDK 8 installed

#####Important########
To set Oracle JDK8 as default, install the "oracle-java8-set-default" package.
E.g.: sudo apt install oracle-java8-set-default
On Ubuntu systems, oracle-java8-set-default is most probably installed
automatically with this package.
######################

Selecting previously unselected package oracle-java8-set-default.
(Reading database ... 76667 files and directories currently installed.)
Preparing to unpack .../oracle-java8-set-default_8u181-1~webupd8~1_all.deb ...
Unpacking oracle-java8-set-default (8u181-1~webupd8~1) ...
Selecting previously unselected package gsfonts.
Preparing to unpack .../gsfonts_1%3a8.11+urwcyr1.0.7~pre44-4.2ubuntu1_all.deb ...
Unpacking gsfonts (1:8.11+urwcyr1.0.7~pre44-4.2ubuntu1) ...
Selecting previously unselected package libfontenc1:amd64.
Preparing to unpack .../libfontenc1_1%3a1.1.3-1_amd64.deb ...
Unpacking libfontenc1:amd64 (1:1.1.3-1) ...
Selecting previously unselected package libxfont1:amd64.
Preparing to unpack .../libxfont1_1%3a1.5.1-1ubuntu0.16.04.4_amd64.deb ...
Unpacking libxfont1:amd64 (1:1.5.1-1ubuntu0.16.04.4) ...
Selecting previously unselected package x11-common.
Preparing to unpack .../x11-common_1%3a7.7+13ubuntu3.1_all.deb ...
dpkg-query: no packages found matching nux-tools
Unpacking x11-common (1:7.7+13ubuntu3.1) ...
Selecting previously unselected package xfonts-encodings.
Preparing to unpack .../xfonts-encodings_1%3a1.0.4-2_all.deb ...
Unpacking xfonts-encodings (1:1.0.4-2) ...
Selecting previously unselected package xfonts-utils.
Preparing to unpack .../xfonts-utils_1%3a7.7+3ubuntu0.16.04.2_amd64.deb ...
Unpacking xfonts-utils (1:7.7+3ubuntu0.16.04.2) ...
Selecting previously unselected package gsfonts-x11.
Preparing to unpack .../gsfonts-x11_0.24_all.deb ...
Unpacking gsfonts-x11 (0.24) ...
Processing triggers for libc-bin (2.23-0ubuntu10) ...
Processing triggers for man-db (2.7.5-1) ...
Processing triggers for systemd (229-4ubuntu21.4) ...
Processing triggers for ureadahead (0.100.0-19) ...
Setting up oracle-java8-set-default (8u181-1~webupd8~1) ...
Setting up gsfonts (1:8.11+urwcyr1.0.7~pre44-4.2ubuntu1) ...
Setting up libfontenc1:amd64 (1:1.1.3-1) ...
Setting up libxfont1:amd64 (1:1.5.1-1ubuntu0.16.04.4) ...
Setting up x11-common (1:7.7+13ubuntu3.1) ...
update-rc.d: warning: start and stop actions are no longer supported; falling back to defaults
Setting up xfonts-encodings (1:1.0.4-2) ...
Setting up xfonts-utils (1:7.7+3ubuntu0.16.04.2) ...
Setting up gsfonts-x11 (0.24) ...
Processing triggers for libc-bin (2.23-0ubuntu10) ...
Processing triggers for systemd (229-4ubuntu21.4) ...
Processing triggers for ureadahead (0.100.0-19) ...
root@ip-172-31-43-8:~# java -version
java version "1.8.0_181"
Java(TM) SE Runtime Environment (build 1.8.0_181-b13)
Java HotSpot(TM) 64-Bit Server VM (build 25.181-b13, mixed mode)
root@ip-172-31-43-8:~# update-alternatives --config java
There is 1 choice for the alternative java (providing /usr/bin/java).

  Selection    Path                                     Priority   Status
------------------------------------------------------------
  0            /usr/lib/jvm/java-8-oracle/jre/bin/java   1081      auto mode
* 1            /usr/lib/jvm/java-8-oracle/jre/bin/java   1081      manual mode

Press <enter> to keep the current choice[*], or type selection number: 0
root@ip-172-31-43-8:~# vi /etc/environment
root@ip-172-31-43-8:~# echo $JAVA_HOME

root@ip-172-31-43-8:~# source /etc/environment
root@ip-172-31-43-8:~# echo $JAVA_HOME
/usr/lib/jvm/java-8-oracle
root@ip-172-31-43-8:~# history
    1  ls
    2  clear
    3  apt-get update -y
    4  add-apt-repository ppa:webupd8team/java
    5  apt-get update
    6  apt-get install oracle-java8-installer
    7  java -version
    8  update-alternatives --config java
    9  vi /etc/environment
   10  echo $JAVA_HOME
   11  source /etc/environment
   12  echo $JAVA_HOME
   13  history
root@ip-172-31-43-8:~# 
